// Jest Snapshot v1, https://goo.gl/fbAQLP

exports[`todos menu snapshot 1 1`] = `
<div>
  <div
    className="card-content"
  />
</div>
`;
